2016/11/14 12:55:35 [error] 1857#1857: *1 open() "/home/box/web/uploads/uploads/1jpg" failed (2: No such file or directory), client: 77.240.154.162, server: , request: "GET /uploads/1jpg HTTP/1.0", host: "54.200.83.87"
2016/11/14 12:55:57 [error] 1857#1857: *1 open() "/home/box/web/uploads/uploads/1.jpg" failed (2: No such file or directory), client: 77.240.154.162, server: , request: "GET /uploads/1.jpg HTTP/1.0", host: "54.200.83.87"
2016/11/14 12:59:39 [error] 1857#1857: *2 "/home/box/web/uploads/uploads/index.html" is not found (2: No such file or directory), client: 77.240.154.162, server: , request: "GET /uploads/ HTTP/1.0", host: "54.200.83.87"
2016/11/14 13:02:52 [error] 1857#1857: *3 open() "/home/box/web/uploads/uploads/1.jpg" failed (2: No such file or directory), client: 77.240.154.162, server: , request: "GET /uploads/1.jpg HTTP/1.0", host: "54.200.83.87"
2016/11/14 13:22:18 [error] 2086#2086: *1 open() "/home/box/web/public/img/css/wedw.wed" failed (2: No such file or directory), client: 85.234.14.254, server: , request: "GET /img/css/wedw.wed HTTP/1.1", host: "54.200.83.87"
2016/11/14 13:22:24 [error] 2086#2086: *2 open() "/home/box/web/public/index.html" failed (2: No such file or directory), client: 77.240.154.162, server: , request: "GET / HTTP/1.0", host: "54.200.83.87"
2016/11/14 13:22:28 [error] 2086#2086: *1 "/usr/share/nginx/html/img/index.html" is not found (2: No such file or directory), client: 85.234.14.254, server: , request: "GET /img/ HTTP/1.1", host: "54.200.83.87"
2016/11/14 13:22:37 [error] 2086#2086: *1 open() "/home/box/web/public/iцувц.wedw" failed (2: No such file or directory), client: 85.234.14.254, server: , request: "GET /i%D1%86%D1%83%D0%B2%D1%86.wedw HTTP/1.1", host: "54.200.83.87"
2016/11/14 13:26:21 [error] 2086#2086: *4 open() "/home/box/web/public/img/2.jpg" failed (2: No such file or directory), client: 85.234.14.254, server: , request: "GET /img/2.jpg HTTP/1.1", host: "54.200.83.87"
2016/11/14 13:26:40 [error] 2086#2086: *4 open() "/home/box/web/public/img/uploads.jpg" failed (2: No such file or directory), client: 85.234.14.254, server: , request: "GET /img/uploads.jpg HTTP/1.1", host: "54.200.83.87"
2016/11/14 13:26:51 [error] 2086#2086: *4 open() "/home/box/web/public/uploads/1.jpg" failed (2: No such file or directory), client: 85.234.14.254, server: , request: "GET /uploads/1.jpg HTTP/1.1", host: "54.200.83.87"
2016/11/14 13:28:55 [error] 2130#2130: *1 open() "/home/box/web/public/favicon.ico" failed (2: No such file or directory), client: 77.240.154.162, server: , request: "GET /favicon.ico HTTP/1.0", host: "54.200.83.87", referrer: "http://54.200.83.87/img/1.jpg"
2016/11/14 13:29:00 [error] 2130#2130: *1 open() "/home/box/web/uploads/uploads/1.jpg" failed (2: No such file or directory), client: 77.240.154.162, server: , request: "GET /uploads/1.jpg HTTP/1.0", host: "54.200.83.87"
2016/11/14 13:29:01 [error] 2130#2130: *1 open() "/home/box/web/uploads/uploads/1.jpg" failed (2: No such file or directory), client: 77.240.154.162, server: , request: "GET /uploads/1.jpg HTTP/1.0", host: "54.200.83.87"
2016/11/14 13:29:01 [error] 2130#2130: *2 open() "/home/box/web/uploads/uploads/1.jpg" failed (2: No such file or directory), client: 77.240.154.162, server: , request: "GET /uploads/1.jpg HTTP/1.0", host: "54.200.83.87"
2016/11/14 13:29:02 [error] 2130#2130: *2 open() "/home/box/web/public/favicon.ico" failed (2: No such file or directory), client: 77.240.154.162, server: , request: "GET /favicon.ico HTTP/1.0", host: "54.200.83.87", referrer: "http://54.200.83.87/uploads/1.jpg"
2016/11/14 13:29:02 [error] 2130#2130: *1 open() "/home/box/web/uploads/uploads/1.jpg" failed (2: No such file or directory), client: 77.240.154.162, server: , request: "GET /uploads/1.jpg HTTP/1.0", host: "54.200.83.87"
2016/11/14 13:29:03 [error] 2130#2130: *1 open() "/home/box/web/public/favicon.ico" failed (2: No such file or directory), client: 77.240.154.162, server: , request: "GET /favicon.ico HTTP/1.0", host: "54.200.83.87", referrer: "http://54.200.83.87/uploads/1.jpg"
2016/11/14 13:31:47 [error] 2130#2130: *3 open() "/home/box/web/uploads/uploads/1.jpg" failed (2: No such file or directory), client: 77.240.154.162, server: , request: "GET /uploads/1.jpg HTTP/1.0", host: "54.200.83.87"
2016/11/14 13:31:47 [error] 2130#2130: *4 open() "/home/box/web/uploads/uploads/1.jpg" failed (2: No such file or directory), client: 77.240.154.162, server: , request: "GET /uploads/1.jpg HTTP/1.0", host: "54.200.83.87"
2016/11/14 13:31:47 [error] 2130#2130: *4 open() "/home/box/web/public/favicon.ico" failed (2: No such file or directory), client: 77.240.154.162, server: , request: "GET /favicon.ico HTTP/1.0", host: "54.200.83.87", referrer: "http://54.200.83.87/uploads/1.jpg"
2016/11/14 13:31:48 [error] 2130#2130: *4 open() "/home/box/web/uploads/uploads/1.jpg" failed (2: No such file or directory), client: 77.240.154.162, server: , request: "GET /uploads/1.jpg HTTP/1.0", host: "54.200.83.87"
2016/11/14 13:31:48 [error] 2130#2130: *3 open() "/home/box/web/uploads/uploads/1.jpg" failed (2: No such file or directory), client: 77.240.154.162, server: , request: "GET /uploads/1.jpg HTTP/1.0", host: "54.200.83.87"
2016/11/14 13:31:48 [error] 2130#2130: *3 open() "/home/box/web/public/favicon.ico" failed (2: No such file or directory), client: 77.240.154.162, server: , request: "GET /favicon.ico HTTP/1.0", host: "54.200.83.87", referrer: "http://54.200.83.87/uploads/1.jpg"
2016/11/14 13:31:49 [error] 2130#2130: *3 open() "/home/box/web/uploads/uploads/1.jpg" failed (2: No such file or directory), client: 77.240.154.162, server: , request: "GET /uploads/1.jpg HTTP/1.0", host: "54.200.83.87"
2016/11/14 13:31:49 [error] 2130#2130: *3 open() "/home/box/web/public/favicon.ico" failed (2: No such file or directory), client: 77.240.154.162, server: , request: "GET /favicon.ico HTTP/1.0", host: "54.200.83.87", referrer: "http://54.200.83.87/uploads/1.jpg"
2016/11/14 13:31:56 [error] 2155#2155: *1 open() "/home/box/web/public/favicon.ico" failed (2: No such file or directory), client: 77.240.154.162, server: , request: "GET /favicon.ico HTTP/1.0", host: "54.200.83.87", referrer: "http://54.200.83.87/uploads/1.jpg"
2016/11/14 13:37:39 [error] 2182#2182: *1 open() "/home/box/web/public/favicon.ico" failed (2: No such file or directory), client: 77.240.154.162, server: , request: "GET /favicon.ico HTTP/1.0", host: "54.200.83.87", referrer: "http://54.200.83.87/uploads/1.jpg"
2016/11/14 13:37:39 [error] 2182#2182: *3 open() "/home/box/web/public/favicon.ico" failed (2: No such file or directory), client: 77.240.154.162, server: , request: "GET /favicon.ico HTTP/1.0", host: "54.200.83.87", referrer: "http://54.200.83.87/uploads/1.jpg"
2016/11/14 13:37:40 [error] 2182#2182: *2 open() "/home/box/web/public/favicon.ico" failed (2: No such file or directory), client: 77.240.154.162, server: , request: "GET /favicon.ico HTTP/1.0", host: "54.200.83.87", referrer: "http://54.200.83.87/uploads/1.jpg"
2016/11/14 15:13:41 [error] 2182#2182: *4 open() "/home/box/web/public/testproxy.php" failed (2: No such file or directory), client: 91.196.50.33, server: , request: "GET http://testp1.piwo.pila.pl/testproxy.php HTTP/1.1", host: "testp1.piwo.pila.pl"
2016/11/15 12:38:34 [error] 10848#10848: *1 "/usr/share/nginx/html/hello/index.html" is not found (2: No such file or directory), client: 127.0.0.1, server: , request: "HEAD /hello/ HTTP/1.1", host: "localhost"
2016/11/15 12:38:59 [error] 10848#10848: *2 "/usr/share/nginx/html/hello/index.html" is not found (2: No such file or directory), client: 127.0.0.1, server: , request: "HEAD /hello/ HTTP/1.1", host: "127.0.0.1"
